// Jest Snapshot v1, https://goo.gl/fbAQLP

exports[`<Button/> should render with different appearance style 1`] = `
.c2 {
  font-weight: 500;
  font-family: Helvetica,Arial,sans-serif;
  font-size: 0.9rem !important;
}

.c1 {
  padding: 0.8rem;
  position: relative;
}

.c1:not(:first-child) {
  padding-bottom: 0;
}

.c1 h3 {
  font-weight: 500;
  margin-bottom: 0.2em;
}

.c3 {
  color: #566E82;
  font-size: 0.7rem;
}

.c4:first-child {
  padding-top: 0;
}

.c4:first-child img {
  border-top-left-radius: 0.2rem;
  border-top-right-radius: 0.2rem;
}

.c5 {
  -webkit-flex: 1 1 auto;
  -ms-flex: 1 1 auto;
  flex: 1 1 auto;
  padding: 0.8rem;
}

.c5:not(:last-child) {
  padding-bottom: 0;
}

.c0 {
  display: -webkit-box;
  display: -webkit-flex;
  display: -ms-flexbox;
  display: flex;
  -webkit-flex-direction: column;
  -ms-flex-direction: column;
  flex-direction: column;
  background: #fff;
  border-radius: 0.2rem;
  box-shadow: 0 2px 1px -1px rgba(0,0,0,.2),0 1px 1px 0 rgba(0,0,0,.14),0 1px 3px 0 rgba(0,0,0,.12);
  -webkit-transition: box-shadow 0.2s cubic-bezier(0.5,0.045,0.4,1);
  transition: box-shadow 0.2s cubic-bezier(0.5,0.045,0.4,1);
}

.c0:hover {
  box-shadow: 0 5px 5px -3px rgba(0,0,0,.2),0 8px 10px 1px rgba(0,0,0,.14),0 3px 14px 2px rgba(0,0,0,.12);
}

.c7 {
  display: -webkit-box;
  display: -webkit-flex;
  display: -ms-flexbox;
  display: flex;
  -webkit-flex-direction: column;
  -ms-flex-direction: column;
  flex-direction: column;
  background: #fff;
  border-radius: 0.2rem;
  box-shadow: 0 2px 1px -1px rgba(0,0,0,.2),0 1px 1px 0 rgba(0,0,0,.14),0 1px 3px 0 rgba(0,0,0,.12);
}

.c8 {
  font-size: 0;
  line-height: 0;
  width: 100%;
}

.c9 {
  background: #BECEDC;
  width: 100%;
  min-height: 180px;
  -webkit-animation: iazffo 1.5s infinite;
  animation: iazffo 1.5s infinite;
}

.c10 {
  padding: 0.8rem;
  display: block;
  width: 100%;
  opacity: 0.1;
  -webkit-animation: iazffo 1.5s infinite;
  animation: iazffo 1.5s infinite;
}

.c10 h3 {
  background: #6C869B;
  background-size: 400% 100%;
  width: 50%;
  height: 1rem;
  border-radius: 0.5rem;
}

.c10 ul {
  width: 100%;
  list-style: none;
  padding: 0;
}

.c10 li {
  background: #BECEDC;
  background-size: 400% 100%;
  height: 1rem;
  margin: 0.4rem 0;
  border-radius: 0.5rem;
}

.c6 {
  padding: 0.8rem;
}

<div>
  <div
    class="c0"
  >
    <div
      class="c1"
    >
      <h3
        class="c2"
      >
        Test title
      </h3>
      <div
        class="c3"
      >
        Lorem ipsum
      </div>
      Header
    </div>
    <div
      class="c4"
    >
      <picture>
        <source
          data-srcset="https://photo2.foodgawker.com/wp-content/uploads/2019/08/3480441.jpg"
          media="(max-width: 480px)"
          srcset="data:image/gif;base64,iVBORw0KGgoAAAANSUhEUgAAAAEAAAABCAQAAAC1HAwCAAAAC0lEQVR42mP88R8AAvUB+VkkrXoAAAAASUVORK5CYII="
        />
        <source
          data-srcset="https://photo2.foodgawker.com/wp-content/uploads/2019/08/3480425.jpg"
          media="(max-width: 680px)"
          srcset="data:image/gif;base64,iVBORw0KGgoAAAANSUhEUgAAAAEAAAABCAQAAAC1HAwCAAAAC0lEQVR42mP88R8AAvUB+VkkrXoAAAAASUVORK5CYII="
        />
        <img
          alt=""
          data-src="https://photo.foodgawker.com/wp-content/uploads/2019/04/3425217.jpg"
          src="data:image/gif;base64,iVBORw0KGgoAAAANSUhEUgAAAAEAAAABCAQAAAC1HAwCAAAAC0lEQVR42mP88R8AAvUB+VkkrXoAAAAASUVORK5CYII="
        />
      </picture>
    </div>
    <div
      class="c5"
    >
      A safari is an overland journey, usually a trip by tourists in Africa. In the past, the trip was often a big-game hunt, but today, safaris are often to observe
    </div>
    <div
      class="c6"
    >
      Footer
    </div>
  </div>
  <div
    class="c7"
  >
    <div
      class="c8"
    >
      <div
        class="c9"
      />
      <div
        class="c10"
      >
        <h3 />
        <ul>
          <li />
          <li />
        </ul>
      </div>
    </div>
  </div>
</div>
`;
