// Jest Snapshot v1, https://goo.gl/fbAQLP

exports[`<Spinner/> should renders correctly 1`] = `
.c1 {
  color: transparent !important;
  pointer-events: none;
  position: relative;
  min-height: 0.8rem;
}

.c1::after {
  -webkit-animation: iECmZH 500ms infinite linear;
  animation: iECmZH 500ms infinite linear;
  border: 0.1rem solid;
  border-color: #004660;
  border-radius: 50%;
  border-right-color: transparent;
  border-top-color: transparent;
  content: "";
  display: block;
  left: 50%;
  top: 50%;
  position: absolute;
  z-index: 1;
}

.c1::after {
  height: 0.8rem;
  margin-left: -0.4rem;
  margin-top: -0.4rem;
  width: 0.8rem;
}

.c0 {
  font-family: normal:Helvetica,Arial,sans-serif;
  medium: Helvetica,Arial,sans-serif;
  demi-bold: Helvetica,Arial,sans-serif;
}

.c0 h1 {
  font-size: 2rem;
}

.c0 h2 {
  font-size: 1.6rem;
}

.c0 h3 {
  font-size: 1.4rem;
}

.c0 h4 {
  font-size: 1.2rem;
}

.c0 h5 {
  font-size: 1rem;
}

.c0 h6 {
  font-size: 0.8rem;
}

.c0 h1,
.c0 h2,
.c0 h3,
.c0 h4,
.c0 h5,
.c0 h6 {
  font-weight: 700;
  line-height: 1.25;
  margin-bottom: 0.5em;
  margin-top: 0;
}

.c0 h1,
.c0 h2,
.c0 h3,
.c0 h4 {
  color: #394B59;
}

.c0 h5,
.c0 h6 {
  color: #293742;
}

.c0 p {
  color: #202B33;
  line-height: 1.5;
  margin-bottom: 0.5em;
  margin-top: 0;
}

.c0 a {
  color: #008CC0;
  outline: none;
  -webkit-text-decoration: none;
  text-decoration: none;
}

.c0 a:hover {
  color: #00A7E4;
}

.c0 a:focus,
.c0 a:hover,
.c0 a:active {
  -webkit-text-decoration: underline;
  text-decoration: underline;
}

.c0 a:focus,
.c0 a:active {
  color: #007099;
}

.c0 a:focus {
  -webkit-text-decoration: none;
  text-decoration: none;
}

.c0 b,
.c0 strong {
  font-weight: bolder;
}

.c0 code,
.c0 kbd,
.c0 pre,
.c0 samp {
  font-family: "Menlo, Courier, monospace";
}

.c0 code {
  color: #F22828;
  background: #FBFBFB;
  padding: 0.1rem 0.15rem;
  line-height: 1.2;
}

.c0 small {
  font-size: 80%;
  font-weight: 400;
  color: #566E82;
}

.c0 blockquote {
  margin-left: 0;
  padding: 0.4rem 0.8rem;
  color: #566E82;
}

.c0 blockquote p:last-child {
  margin-bottom: 0;
}

<div
  className="c0"
>
  <div
    className="c1"
  />
</div>
`;
