// Jest Snapshot v1, https://goo.gl/fbAQLP

exports[`<InputForm/> should render correctly 1`] = `
.c2 {
  background: transparent;
  background-image: none;
  outline: none;
  max-width: 100%;
  display: block;
  position: relative;
  border: 0.05rem solid #BECEDC;
  border-radius: 0.2rem;
  color: #202B33;
  padding: 0.35rem 0.4rem;
  font-size: 0.8rem;
  font-family: inherit;
  height: 1.8rem;
  width: 100%;
  line-height: 1.125;
  -webkit-transition: background 0.2s,border 0.2s,box-shadow 0.2s,color 0.2s;
  transition: background 0.2s,border 0.2s,box-shadow 0.2s,color 0.2s;
}

.c2:focus {
  box-shadow: 0 0 0 0.1rem rgba(0,140,192,0.2);
  border-color: #008CC0;
}

.c2::-webkit-input-placeholder {
  color: #90A9BF;
}

.c2::-moz-placeholder {
  color: #90A9BF;
}

.c2:-ms-input-placeholder {
  color: #90A9BF;
}

.c2::placeholder {
  color: #90A9BF;
}

.c2:disabled,
.c2[disabled] {
  cursor: not-allowed;
  color: #90A9BF !important;
  background: #EFF3F6 !important;
}

.c2[type="file"] {
  height: auto;
}

.c4 {
  background: transparent;
  background-image: none;
  outline: none;
  max-width: 100%;
  display: block;
  position: relative;
  border: 0.05rem solid #DC1F1F;
  border-radius: 0.2rem;
  color: #202B33;
  padding: 0.35rem 0.4rem;
  font-size: 0.8rem;
  font-family: inherit;
  height: 1.8rem;
  width: 100%;
  line-height: 1.125;
  -webkit-transition: background 0.2s,border 0.2s,box-shadow 0.2s,color 0.2s;
  transition: background 0.2s,border 0.2s,box-shadow 0.2s,color 0.2s;
}

.c4:focus {
  box-shadow: 0 0 0 0.1rem rgba(220,31,31,0.2);
  border-color: #DC1F1F;
}

.c4::-webkit-input-placeholder {
  color: #90A9BF;
}

.c4::-moz-placeholder {
  color: #90A9BF;
}

.c4:-ms-input-placeholder {
  color: #90A9BF;
}

.c4::placeholder {
  color: #90A9BF;
}

.c4:disabled,
.c4[disabled] {
  cursor: not-allowed;
  color: #90A9BF !important;
  background: #EFF3F6 !important;
}

.c4[type="file"] {
  height: auto;
}

.c7 {
  background: transparent;
  background-image: none;
  outline: none;
  max-width: 100%;
  display: block;
  position: relative;
  border: 0.05rem solid #FA9B00;
  border-radius: 0.2rem;
  color: #202B33;
  padding: 0.35rem 0.4rem;
  font-size: 0.8rem;
  font-family: inherit;
  height: 1.8rem;
  width: 100%;
  line-height: 1.125;
  -webkit-transition: background 0.2s,border 0.2s,box-shadow 0.2s,color 0.2s;
  transition: background 0.2s,border 0.2s,box-shadow 0.2s,color 0.2s;
}

.c7:focus {
  box-shadow: 0 0 0 0.1rem rgba(250,155,0,0.2);
  border-color: #FA9B00;
}

.c7::-webkit-input-placeholder {
  color: #90A9BF;
}

.c7::-moz-placeholder {
  color: #90A9BF;
}

.c7:-ms-input-placeholder {
  color: #90A9BF;
}

.c7::placeholder {
  color: #90A9BF;
}

.c7:disabled,
.c7[disabled] {
  cursor: not-allowed;
  color: #90A9BF !important;
  background: #EFF3F6 !important;
}

.c7[type="file"] {
  height: auto;
}

.c11 {
  color: transparent !important;
  pointer-events: none;
  position: relative;
  min-height: 0.8rem;
}

.c11::after {
  -webkit-animation: btrQYj 500ms infinite linear;
  animation: btrQYj 500ms infinite linear;
  border: 0.1rem solid;
  border-color: #004660;
  border-radius: 50%;
  border-right-color: transparent;
  border-top-color: transparent;
  content: "";
  display: block;
  left: 50%;
  top: 50%;
  position: absolute;
  z-index: 1;
}

.c11::after {
  height: 0.8rem;
  margin-left: -0.4rem;
  margin-top: -0.4rem;
  width: 0.8rem;
}

.c1 {
  display: block;
  line-height: 1.8;
  font-weight: 500;
  padding: 8px 0;
}

.c0 {
  position: relative;
  font-family: Helvetica,Arial,sans-serifpx;
}

.c0:not(:last-child) {
  margin-bottom: 8px;
}

.c0 i {
  color: #6C869B;
}

.c0 i.icon-before {
  height: 0.8rem;
  margin: 0 0.25rem;
  position: absolute;
  top: 73%;
  -webkit-transform: translateY(-50%);
  -ms-transform: translateY(-50%);
  transform: translateY(-50%);
  width: 0.8rem;
  z-index: 2;
  left: 0.1rem;
}

.c0 i.icon-after {
  height: 0.8rem;
  margin: 0 0.25rem;
  position: absolute;
  top: 73%;
  -webkit-transform: translateY(-50%);
  -ms-transform: translateY(-50%);
  transform: translateY(-50%);
  width: 0.8rem;
  z-index: 2;
  right: 0.1rem;
}

.c0 input.icon-before {
  padding-left: 1.3rem !important;
}

.c0 input.icon-after {
  padding-right: 1.3rem !important;
}

.c3 {
  display: block;
  margin-top: 0.4rem;
  color: #566E82;
}

.c5 {
  display: block;
  margin-top: 0.4rem;
  color: #DC1F1F;
}

.c8 {
  display: block;
  margin-top: 0.4rem;
  color: #FA9B00;
}

.c9 {
  display: block;
  margin-top: 0.4rem;
  color: #29A634;
}

.c6 {
  color: #DC1F1F;
  font-size: 0.7rem;
  top: -0.2rem;
}

.c10 {
  position: absolute;
  right: 1rem;
  top: 60%;
}

<div>
  <div
    class="c0"
  >
    <label
      class="c1"
    >
      label
       
    </label>
    <i
      aria-hidden="true"
      class="icon-before fas fa-phone"
    />
    <input
      autocomplete="off"
      class="c2 icon-before"
      type="text"
      value=""
    />
    <small
      class="c3"
    >
      hint
    </small>
  </div>
  <div
    class="c0"
  >
    <label
      class="c1"
    >
       
    </label>
    <input
      autocomplete="off"
      class="c2 icon-after"
      type="text"
      value=""
    />
    <i
      aria-hidden="true"
      class="icon-after fas fa-phone"
    />
    <small
      class="c3"
    />
  </div>
  <div
    class="c0"
  >
    <label
      class="c1"
    >
       
    </label>
    <input
      autocomplete="off"
      class="c4"
      type="text"
      value=""
    />
    <small
      class="c5"
    />
  </div>
  <div
    class="c0"
  >
    <label
      class="c1"
    >
       
    </label>
    <input
      autocomplete="off"
      class="c2"
      type="text"
      value=""
    />
    <small
      class="c3"
    />
  </div>
  <div
    class="c0"
  >
    <label
      class="c1"
    >
       
    </label>
    <input
      autocomplete="off"
      class="c2"
      disabled=""
      type="text"
      value=""
    />
    <small
      class="c3"
    />
  </div>
  <div
    class="c0"
  >
    <label
      class="c1"
    >
       
      <sup
        aria-hidden="true"
        class="c6"
      >
        *
      </sup>
    </label>
    <input
      autocomplete="off"
      class="c2"
      type="text"
      value=""
    />
    <small
      class="c3"
    />
  </div>
  <div
    class="c0"
  >
    <label
      class="c1"
    >
       
    </label>
    <input
      autocomplete="off"
      class="c7"
      type="text"
      value=""
    />
    <small
      class="c8"
    />
  </div>
  <div
    class="c0"
  >
    <label
      class="c1"
    >
       
    </label>
    <input
      autocomplete="off"
      class="c2"
      type="text"
      value=""
    />
    <small
      class="c9"
    />
  </div>
  <div
    class="c0"
  >
    <label
      class="c1"
    >
       
    </label>
    <input
      autocomplete="off"
      class="c2"
      type="text"
      value=""
    />
    <span
      class="c10"
    >
      <div
        class="c11"
      />
    </span>
    <small
      class="c3"
    />
  </div>
</div>
`;
