// Jest Snapshot v1, https://goo.gl/fbAQLP

exports[`<Typo/> should render correctly 1`] = `
.c0 {
  font-weight: 700;
  font-family: Helvetica,Arial,sans-serif;
  font-size: 0.8rem !important;
}

.c1 {
  font-weight: 700;
  font-family: Helvetica,Arial,sans-serif;
  font-size: 1.6rem !important;
}

.c2 {
  font-weight: 700;
  font-family: Helvetica,Arial,sans-serif;
  font-size: 1.4rem !important;
}

.c3 {
  font-weight: 700;
  font-family: Helvetica,Arial,sans-serif;
  font-size: 1.2rem !important;
}

.c4 {
  font-weight: 700;
  font-family: Helvetica,Arial,sans-serif;
  font-size: 1rem !important;
}

.c5 {
  font-weight: 700;
  font-family: Helvetica,Arial,sans-serif;
  font-size: 0.9rem !important;
}

<div>
  <div
    class="c0"
  >
    Hello
  </div>
  <h1
    class="c1"
  >
    Hello
  </h1>
  <h2
    class="c2"
  >
    Hello
  </h2>
  <h3
    class="c3"
  >
    Hello
  </h3>
  <h4
    class="c4"
  >
    Hello
  </h4>
  <h5
    class="c5"
  >
    Hello
  </h5>
  <h6
    class="c0"
  >
    Hello
  </h6>
</div>
`;

exports[`<Typo/> should render div with H1 style 1`] = `
.c0 {
  font-weight: 700;
  font-family: Helvetica,Arial,sans-serif;
  margin-bottom: 10px;
  font-size: 1.6rem !important;
}

<div>
  <div
    class="c0"
    mb="10"
  >
    Hello
  </div>
</div>
`;
