// Jest Snapshot v1, https://goo.gl/fbAQLP

exports[`<Avatar/> should renders correctly 1`] = `
.c0 {
  border-radius: 50%;
  color: rgba(255,255,255,0.85);
  display: inline-block;
  line-height: 1.25;
  margin: 0;
  position: relative;
  vertical-align: middle;
  height: 2.8rem;
  width: 2.8rem;
}

.c4 {
  border-radius: 50%;
  color: rgba(255,255,255,0.85);
  display: inline-block;
  line-height: 1.25;
  margin: 0;
  position: relative;
  vertical-align: middle;
  height: 1.4rem;
  width: 1.4rem;
}

.c7 {
  border-radius: 50%;
  color: rgba(255,255,255,0.85);
  display: inline-block;
  line-height: 1.25;
  margin: 0;
  position: relative;
  vertical-align: middle;
  height: 2rem;
  width: 2rem;
}

.c10 {
  border-radius: 50%;
  color: rgba(255,255,255,0.85);
  display: inline-block;
  line-height: 1.25;
  margin: 0;
  position: relative;
  vertical-align: middle;
  height: 3.2rem;
  width: 3.2rem;
}

.c12 {
  border-radius: 50%;
  color: rgba(255,255,255,0.85);
  display: inline-block;
  line-height: 1.25;
  margin: 0;
  position: relative;
  vertical-align: middle;
  height: 4rem;
  width: 4rem;
}

.c14 {
  border-radius: 50%;
  color: rgba(255,255,255,0.85);
  display: inline-block;
  line-height: 1.25;
  margin: 0;
  position: relative;
  vertical-align: middle;
  height: 6rem;
  width: 6rem;
}

.c1 {
  color: currentColor;
  left: 50%;
  position: absolute;
  top: 50%;
  -webkit-transform: translate(-50%,-50%);
  -ms-transform: translate(-50%,-50%);
  transform: translate(-50%,-50%);
  z-index: 1;
  text-transform: uppercase;
  font-weight: 500;
  font-size: 1rem;
}

.c5 {
  color: currentColor;
  left: 50%;
  position: absolute;
  top: 50%;
  -webkit-transform: translate(-50%,-50%);
  -ms-transform: translate(-50%,-50%);
  transform: translate(-50%,-50%);
  z-index: 1;
  text-transform: uppercase;
  font-weight: 500;
  font-size: .6rem;
}

.c8 {
  color: currentColor;
  left: 50%;
  position: absolute;
  top: 50%;
  -webkit-transform: translate(-50%,-50%);
  -ms-transform: translate(-50%,-50%);
  transform: translate(-50%,-50%);
  z-index: 1;
  text-transform: uppercase;
  font-weight: 500;
  font-size: .9rem;
}

.c11 {
  color: currentColor;
  left: 50%;
  position: absolute;
  top: 50%;
  -webkit-transform: translate(-50%,-50%);
  -ms-transform: translate(-50%,-50%);
  transform: translate(-50%,-50%);
  z-index: 1;
  text-transform: uppercase;
  font-weight: 500;
  font-size: 1.8rem;
}

.c13 {
  color: currentColor;
  left: 50%;
  position: absolute;
  top: 50%;
  -webkit-transform: translate(-50%,-50%);
  -ms-transform: translate(-50%,-50%);
  transform: translate(-50%,-50%);
  z-index: 1;
  text-transform: uppercase;
  font-weight: 500;
  font-size: 2rem;
}

.c15 {
  color: currentColor;
  left: 50%;
  position: absolute;
  top: 50%;
  -webkit-transform: translate(-50%,-50%);
  -ms-transform: translate(-50%,-50%);
  transform: translate(-50%,-50%);
  z-index: 1;
  text-transform: uppercase;
  font-weight: 500;
  font-size: 2.8rem;
}

.c2 {
  border-radius: 50%;
  height: 100%;
  width: 100%;
  position: relative;
  z-index: 1;
}

.c3 {
  border-radius: 50%;
  bottom: 0.1rem;
  pointer-events: none;
  position: absolute;
  z-index: 30;
  background-color: #29A634;
  height: .7rem;
  width: .7rem;
  right: 0;
  border: 0.075rem solid #fff;
}

.c6 {
  border-radius: 50%;
  bottom: 0.1rem;
  pointer-events: none;
  position: absolute;
  z-index: 30;
  background-color: #60798E;
  height: .4rem;
  width: .4rem;
  right: 0;
  border: 0.075rem solid #fff;
}

.c9 {
  border-radius: 50%;
  bottom: 0.1rem;
  pointer-events: none;
  position: absolute;
  z-index: 30;
  background-color: #DC1F1F;
  height: .5rem;
  width: .5rem;
  right: 0;
  border: 0.075rem solid #fff;
}

<div>
  <figure
    class="c0"
  >
    <span
      class="c1"
    >
      Wm
    </span>
    <img
      alt="test"
      class="c2"
      data-src="https://api.adorable.io/avatars/240/thunder"
      src="data:image/gif;base64,iVBORw0KGgoAAAANSUhEUgAAAAEAAAABCAQAAAC1HAwCAAAAC0lEQVR42mP88R8AAvUB+VkkrXoAAAAASUVORK5CYII="
    />
    <span
      class="c3"
    />
  </figure>
  <figure
    class="c4"
    style="background-color: rgb(179, 245, 255);"
  >
    <span
      class="c5"
    >
      Wm
    </span>
    <span
      class="c6"
    />
  </figure>
  <figure
    class="c7"
    style="background-color: rgb(192, 182, 242);"
  >
    <span
      class="c8"
    >
      Wm
    </span>
    <span
      class="c9"
    />
  </figure>
  <figure
    class="c10"
    style="background-color: rgb(250, 155, 0);"
  >
    <span
      class="c11"
    >
      Wm
    </span>
  </figure>
  <figure
    class="c12"
    style="background-color: rgb(255, 131, 131);"
  >
    <span
      class="c13"
    >
      Wm
    </span>
  </figure>
  <figure
    class="c14"
    style="background-color: rgb(77, 97, 113);"
  >
    <span
      class="c15"
    >
      Wm
    </span>
  </figure>
</div>
`;
