// Jest Snapshot v1, https://goo.gl/fbAQLP

exports[`<Button/> should render with different appearance style 1`] = `
.c1 {
  display: -webkit-inline-box;
  display: -webkit-inline-flex;
  display: -ms-inline-flexbox;
  display: inline-flex;
}

.c3 {
  -webkit-flex: 1 0 auto;
  -ms-flex: 1 0 auto;
  flex: 1 0 auto;
  display: -webkit-box;
  display: -webkit-flex;
  display: -ms-flexbox;
  display: flex;
}

.c3 + .c2::before {
  content: "";
  display: inline-block;
  width: 0.4rem;
}

.c4 {
  -webkit-appearance: none;
  -moz-appearance: none;
  appearance: none;
  cursor: pointer;
  outline: 0;
  display: inline-block;
  -webkit-text-decoration: none;
  text-decoration: none;
  text-align: center;
  -webkit-user-select: none;
  -moz-user-select: none;
  -ms-user-select: none;
  user-select: none;
  vertical-align: middle;
  white-space: nowrap;
  -webkit-transition: all 0.25s cubic-bezier(0,0,0.2,1);
  transition: all 0.25s cubic-bezier(0,0,0.2,1);
  line-height: 1.125;
  padding: 0.35rem 0.4rem;
  height: 1.8rem;
  font-size: 0.8rem;
  font-family: Helvetica,Arial,sans-serif;
  border: 0.05rem solid;
  background: #E2EAF2;
  border-color: #E2EAF2;
  color: #202B33;
  border-radius: 0.2rem;
}

.c4:hover {
  background: #CED9E3;
  border-color: #CED9E3;
}

.c4:active,
.c4:focus {
  background: #B1EAFF;
  border-color: #B1EAFF;
  box-shadow: 0 0 0 0.1rem #008CC0;
}

.c4:disabled,
.c4[disabled] {
  cursor: not-allowed;
  color: #90A9BF !important;
  background: #CED9E3 !important;
  border: none;
}

.c4 i.icon-before {
  margin-right: 8px;
}

.c4 i.icon-after {
  margin-left: 8px;
}

.c5 {
  -webkit-appearance: none;
  -moz-appearance: none;
  appearance: none;
  cursor: pointer;
  outline: 0;
  display: inline-block;
  -webkit-text-decoration: none;
  text-decoration: none;
  text-align: center;
  -webkit-user-select: none;
  -moz-user-select: none;
  -ms-user-select: none;
  user-select: none;
  vertical-align: middle;
  white-space: nowrap;
  -webkit-transition: all 0.25s cubic-bezier(0,0,0.2,1);
  transition: all 0.25s cubic-bezier(0,0,0.2,1);
  line-height: 1.125;
  padding: 0.35rem 0.4rem;
  height: 1.8rem;
  font-size: 0.8rem;
  font-family: Helvetica,Arial,sans-serif;
  border: 0.05rem solid;
  background: #008CC0;
  border-color: #007099;
  color: #FBFBFB;
  border-radius: 0.2rem;
}

.c5:hover {
  background: #009AD3;
  border-color: #008CC0;
}

.c5:active,
.c5:focus {
  background: #007099;
  border-color: #004660;
  box-shadow: 0 0 0 0.1rem #B1EAFF;
}

.c5:disabled,
.c5[disabled] {
  cursor: not-allowed;
  color: #90A9BF !important;
  background: #CED9E3 !important;
  border: none;
}

.c5 i.icon-before {
  margin-right: 8px;
}

.c5 i.icon-after {
  margin-left: 8px;
}

.c6 {
  -webkit-appearance: none;
  -moz-appearance: none;
  appearance: none;
  cursor: pointer;
  outline: 0;
  display: inline-block;
  -webkit-text-decoration: none;
  text-decoration: none;
  text-align: center;
  -webkit-user-select: none;
  -moz-user-select: none;
  -ms-user-select: none;
  user-select: none;
  vertical-align: middle;
  white-space: nowrap;
  -webkit-transition: all 0.25s cubic-bezier(0,0,0.2,1);
  transition: all 0.25s cubic-bezier(0,0,0.2,1);
  line-height: 1.125;
  padding: 0.35rem 0.4rem;
  height: 1.8rem;
  font-size: 0.8rem;
  font-family: Helvetica,Arial,sans-serif;
  border: none;
  background: transparent;
  color: #008CC0;
  border-radius: 0.2rem;
}

.c6:hover {
  background: #E2EAF2;
}

.c6:active,
.c6:focus {
  background: #B1EAFF;
  box-shadow: 0 0 0 0.1rem #008CC0;
}

.c6:disabled,
.c6[disabled] {
  cursor: not-allowed;
  color: #90A9BF !important;
  background: #CED9E3 !important;
  border: none;
}

.c6 i.icon-before {
  margin-right: 8px;
}

.c6 i.icon-after {
  margin-left: 8px;
}

.c7 {
  -webkit-appearance: none;
  -moz-appearance: none;
  appearance: none;
  cursor: pointer;
  outline: 0;
  display: inline-block;
  -webkit-text-decoration: none;
  text-decoration: none;
  text-align: center;
  -webkit-user-select: none;
  -moz-user-select: none;
  -ms-user-select: none;
  user-select: none;
  vertical-align: middle;
  white-space: nowrap;
  -webkit-transition: all 0.25s cubic-bezier(0,0,0.2,1);
  transition: all 0.25s cubic-bezier(0,0,0.2,1);
  line-height: 1.125;
  padding: 0.35rem 0.4rem;
  height: 1.8rem;
  font-size: 0.8rem;
  font-family: Helvetica,Arial,sans-serif;
  border: 0.05rem solid;
  background: #FA9B00;
  border-color: #EF8100;
  color: #FBFBFB;
  border-radius: 0.2rem;
}

.c7:hover {
  background: #FFAC23;
  border-color: #FA9B00;
}

.c7:active,
.c7:focus {
  background: #EF8100;
  border-color: #E15B00;
  box-shadow: 0 0 0 0.1rem #FFC40D;
}

.c7:disabled,
.c7[disabled] {
  cursor: not-allowed;
  color: #90A9BF !important;
  background: #CED9E3 !important;
  border: none;
}

.c7 i.icon-before {
  margin-right: 8px;
}

.c7 i.icon-after {
  margin-left: 8px;
}

.c8 {
  -webkit-appearance: none;
  -moz-appearance: none;
  appearance: none;
  cursor: pointer;
  outline: 0;
  display: inline-block;
  -webkit-text-decoration: none;
  text-decoration: none;
  text-align: center;
  -webkit-user-select: none;
  -moz-user-select: none;
  -ms-user-select: none;
  user-select: none;
  vertical-align: middle;
  white-space: nowrap;
  -webkit-transition: all 0.25s cubic-bezier(0,0,0.2,1);
  transition: all 0.25s cubic-bezier(0,0,0.2,1);
  line-height: 1.125;
  padding: 0.35rem 0.4rem;
  height: 1.8rem;
  font-size: 0.8rem;
  font-family: Helvetica,Arial,sans-serif;
  border: 0.05rem solid;
  background: #29A634;
  border-color: #238C2C;
  color: #FBFBFB;
  border-radius: 0.2rem;
}

.c8:hover {
  background: #3BBC45;
  border-color: #29A634;
}

.c8:active,
.c8:focus {
  background: #238C2C;
  border-color: #1D7324;
  box-shadow: 0 0 0 0.1rem #74FD7F;
}

.c8:disabled,
.c8[disabled] {
  cursor: not-allowed;
  color: #90A9BF !important;
  background: #CED9E3 !important;
  border: none;
}

.c8 i.icon-before {
  margin-right: 8px;
}

.c8 i.icon-after {
  margin-left: 8px;
}

.c9 {
  -webkit-appearance: none;
  -moz-appearance: none;
  appearance: none;
  cursor: pointer;
  outline: 0;
  display: inline-block;
  -webkit-text-decoration: none;
  text-decoration: none;
  text-align: center;
  -webkit-user-select: none;
  -moz-user-select: none;
  -ms-user-select: none;
  user-select: none;
  vertical-align: middle;
  white-space: nowrap;
  -webkit-transition: all 0.25s cubic-bezier(0,0,0.2,1);
  transition: all 0.25s cubic-bezier(0,0,0.2,1);
  line-height: 1.125;
  padding: 0.35rem 0.4rem;
  height: 1.8rem;
  font-size: 0.8rem;
  font-family: Helvetica,Arial,sans-serif;
  border: 0.05rem solid;
  background: #DC1F1F;
  border-color: #C61515;
  color: #FBFBFB;
  border-radius: 0.2rem;
}

.c9:hover {
  background: #F22828;
  border-color: #DC1F1F;
}

.c9:active,
.c9:focus {
  background: #C61515;
  border-color: #B40404;
  box-shadow: 0 0 0 0.1rem #FFADAD;
}

.c9:disabled,
.c9[disabled] {
  cursor: not-allowed;
  color: #90A9BF !important;
  background: #CED9E3 !important;
  border: none;
}

.c9 i.icon-before {
  margin-right: 8px;
}

.c9 i.icon-after {
  margin-left: 8px;
}

.c10 {
  -webkit-appearance: none;
  -moz-appearance: none;
  appearance: none;
  cursor: pointer;
  outline: 0;
  display: inline-block;
  -webkit-text-decoration: none;
  text-decoration: none;
  text-align: center;
  -webkit-user-select: none;
  -moz-user-select: none;
  -ms-user-select: none;
  user-select: none;
  vertical-align: middle;
  white-space: nowrap;
  -webkit-transition: all 0.25s cubic-bezier(0,0,0.2,1);
  transition: all 0.25s cubic-bezier(0,0,0.2,1);
  line-height: 1.125;
  padding: 0.35rem 0.4rem;
  height: 1.8rem;
  font-size: 0.8rem;
  font-family: Helvetica,Arial,sans-serif;
  border: none;
  background: transparent;
  color: #202B33;
  border-radius: 0.2rem;
}

.c10:hover {
  background: #EFF3F6;
}

.c10:active,
.c10:focus {
  background: #B1EAFF;
  box-shadow: 0 0 0 0.1rem #008CC0;
}

.c10:disabled,
.c10[disabled] {
  cursor: not-allowed;
  color: #90A9BF !important;
  background: #CED9E3 !important;
  border: none;
}

.c10 i.icon-before {
  margin-right: 8px;
}

.c10 i.icon-after {
  margin-left: 8px;
}

.c11 {
  -webkit-appearance: none;
  -moz-appearance: none;
  appearance: none;
  cursor: pointer;
  outline: 0;
  display: inline-block;
  -webkit-text-decoration: none;
  text-decoration: none;
  text-align: center;
  -webkit-user-select: none;
  -moz-user-select: none;
  -ms-user-select: none;
  user-select: none;
  vertical-align: middle;
  white-space: nowrap;
  -webkit-transition: all 0.25s cubic-bezier(0,0,0.2,1);
  transition: all 0.25s cubic-bezier(0,0,0.2,1);
  line-height: 1.125;
  padding: 0.35rem 0.4rem;
  height: 1.8rem;
  font-size: 0.8rem;
  font-family: Helvetica,Arial,sans-serif;
  border: 0.05rem solid;
  background: transparent;
  border-color: transparent;
  color: #202B33;
  border-radius: 0.2rem;
}

.c11:hover {
  background: transparent;
  border-color: transparent;
}

.c11:active,
.c11:focus {
  background: transparent;
  border-color: transparent;
  box-shadow: 0 0 0 0.1rem #FBFBFB;
}

.c11:disabled,
.c11[disabled] {
  cursor: not-allowed;
  color: #90A9BF !important;
  background: #CED9E3 !important;
  border: none;
}

.c11 i.icon-before {
  margin-right: 8px;
}

.c11 i.icon-after {
  margin-left: 8px;
}

.c12 {
  -webkit-appearance: none;
  -moz-appearance: none;
  appearance: none;
  cursor: pointer;
  outline: 0;
  display: inline-block;
  -webkit-text-decoration: none;
  text-decoration: none;
  text-align: center;
  -webkit-user-select: none;
  -moz-user-select: none;
  -ms-user-select: none;
  user-select: none;
  vertical-align: middle;
  white-space: nowrap;
  -webkit-transition: all 0.25s cubic-bezier(0,0,0.2,1);
  transition: all 0.25s cubic-bezier(0,0,0.2,1);
  line-height: 1.125;
  padding: 0.35rem 0.4rem;
  height: 1.8rem;
  font-size: 0.8rem;
  font-family: Helvetica,Arial,sans-serif;
  border: 0.05rem solid;
  background: #00B8D9;
  border-color: #00A3BF;
  color: #FBFBFB;
  border-radius: 0.2rem;
}

.c12:hover {
  background: #00C7E6;
  border-color: #00B8D9;
}

.c12:active,
.c12:focus {
  background: #00A3BF;
  border-color: #008DA6;
  box-shadow: 0 0 0 0.1rem #79E2F2;
}

.c12:disabled,
.c12[disabled] {
  cursor: not-allowed;
  color: #90A9BF !important;
  background: #CED9E3 !important;
  border: none;
}

.c12 i.icon-before {
  margin-right: 8px;
}

.c12 i.icon-after {
  margin-left: 8px;
}

.c13 {
  -webkit-appearance: none;
  -moz-appearance: none;
  appearance: none;
  cursor: pointer;
  outline: 0;
  display: inline-block;
  -webkit-text-decoration: none;
  text-decoration: none;
  text-align: center;
  -webkit-user-select: none;
  -moz-user-select: none;
  -ms-user-select: none;
  user-select: none;
  vertical-align: middle;
  white-space: nowrap;
  -webkit-transition: all 0.25s cubic-bezier(0,0,0.2,1);
  transition: all 0.25s cubic-bezier(0,0,0.2,1);
  line-height: 1.125;
  padding: 0.35rem 0.4rem;
  height: 1.8rem;
  font-size: 0.8rem;
  font-family: Helvetica,Arial,sans-serif;
  border: 0.05rem solid;
  background: #E2EAF2;
  border-color: #E2EAF2;
  color: #202B33;
  border-radius: 0.2rem;
}

.c13:hover {
  background: #CED9E3;
  border-color: #CED9E3;
}

.c13:active,
.c13:focus {
  background: #B1EAFF;
  border-color: #B1EAFF;
  box-shadow: 0 0 0 0.1rem #008CC0;
}

.c13:disabled,
.c13[disabled] {
  cursor: not-allowed;
  color: #90A9BF !important;
  background: #CED9E3 !important;
  border: none;
}

.c13 i.icon-before {
  margin-right: 8px;
}

.c13 i.icon-after {
  margin-left: 8px;
}

a.c13 {
  line-height: initial;
}

a.c13:hover {
  -webkit-text-decoration: none;
  text-decoration: none;
}

.c14 {
  -webkit-appearance: none;
  -moz-appearance: none;
  appearance: none;
  cursor: pointer;
  outline: 0;
  display: inline-block;
  -webkit-text-decoration: none;
  text-decoration: none;
  text-align: center;
  -webkit-user-select: none;
  -moz-user-select: none;
  -ms-user-select: none;
  user-select: none;
  vertical-align: middle;
  white-space: nowrap;
  -webkit-transition: all 0.25s cubic-bezier(0,0,0.2,1);
  transition: all 0.25s cubic-bezier(0,0,0.2,1);
  line-height: 1.125;
  padding: 0.35rem 0.4rem;
  height: 1.8rem;
  font-size: 0.8rem;
  font-family: Helvetica,Arial,sans-serif;
  border: 0.05rem solid;
  background: #E2EAF2;
  border-color: #E2EAF2;
  color: #202B33;
  border-radius: 0.2rem;
}

.c14:hover {
  background: #CED9E3;
  border-color: #CED9E3;
}

.c14:active,
.c14:focus {
  background: #B1EAFF;
  border-color: #B1EAFF;
  box-shadow: 0 0 0 0.1rem #008CC0;
}

.c14:disabled,
.c14[disabled] {
  cursor: not-allowed;
  color: #90A9BF !important;
  background: #CED9E3 !important;
  border: none;
}

.c14 i.icon-before {
  margin-right: 8px;
}

.c14 i.icon-after {
  margin-left: 8px;
}

.c0 h1 {
  font-size: 1.6rem;
}

.c0 h2 {
  font-size: 1.4rem;
}

.c0 h3 {
  font-size: 1.2rem;
}

.c0 h4 {
  font-size: 1rem;
}

.c0 h5 {
  font-size: 0.9rem;
}

.c0 h6 {
  font-size: 0.8rem;
}

.c0 h1,
.c0 h2,
.c0 h3,
.c0 h4,
.c0 h5,
.c0 h6 {
  font-weight: 700;
  line-height: 1.25;
  margin-bottom: 0.5em;
  margin-top: 0;
  font-family: Helvetica,Arial,sans-serif;
}

.c0 h1,
.c0 h2,
.c0 h3,
.c0 h4 {
  color: #394B59;
}

.c0 h5,
.c0 h6 {
  color: #293742;
}

.c0 p {
  color: #202B33;
  line-height: 1.5;
  margin-bottom: 0.5em;
  margin-top: 0;
  font-family: Helvetica,Arial,sans-serif;
}

.c0 a {
  font-family: Helvetica,Arial,sans-serif;
  color: #008CC0;
  outline: none;
  -webkit-text-decoration: none;
  text-decoration: none;
}

.c0 a:hover {
  color: #00A7E4;
}

.c0 a:focus,
.c0 a:hover,
.c0 a:active {
  -webkit-text-decoration: underline;
  text-decoration: underline;
}

.c0 a:focus,
.c0 a:active {
  color: #007099;
}

.c0 a:focus {
  -webkit-text-decoration: none;
  text-decoration: none;
}

.c0 b,
.c0 strong {
  font-weight: bolder;
}

.c0 small {
  font-size: 80%;
  font-weight: 400;
  color: #566E82;
}

.c0 blockquote {
  margin-left: 0;
  padding: 0.4rem 0.8rem;
  color: #566E82;
}

.c0 blockquote p:last-child {
  margin-bottom: 0;
}

.c0 table {
  border-collapse: collapse;
  border-spacing: 0;
  text-align: left;
  width: 100%;
}

.c0 th {
  border-bottom: 0.05rem solid #BECEDC;
  padding: 0.6rem 0.4rem;
  border-bottom-width: 0.1rem;
}

.c0 td {
  border-bottom: 0.05rem solid #EFF3F6;
  padding: 0.6rem 0.4rem;
}

<div>
  <div
    class="c0"
  >
    <div
      class="c1"
    >
      <div
        class="c2 c3"
      >
        <button
          class="c4"
          data-testid="button"
          type="button"
        >
          Hello
        </button>
      </div>
      <div
        class="c2 c3"
      >
        <button
          class="c5"
          data-testid="button"
          type="button"
        >
          Hello
        </button>
      </div>
      <div
        class="c2 c3"
      >
        <button
          class="c6"
          data-testid="button"
          type="button"
        >
          Hello
        </button>
      </div>
      <div
        class="c2 c3"
      >
        <button
          class="c7"
          data-testid="button"
          type="button"
        >
          Hello
        </button>
      </div>
      <div
        class="c2 c3"
      >
        <button
          class="c8"
          data-testid="button"
          type="button"
        >
          Hello
        </button>
      </div>
      <div
        class="c2 c3"
      >
        <button
          class="c9"
          data-testid="button"
          type="button"
        >
          Hello
        </button>
      </div>
      <div
        class="c2 c3"
      >
        <button
          class="c10"
          data-testid="button"
          type="button"
        >
          Hello
        </button>
      </div>
      <div
        class="c2 c3"
      >
        <button
          class="c11"
          data-testid="button"
          type="button"
        >
          Hello
        </button>
      </div>
      <div
        class="c2 c3"
      >
        <button
          class="c12"
          data-testid="button"
          type="button"
        >
          Hello
        </button>
      </div>
    </div>
    <a
      class="c13"
      data-testid="button"
      href="/"
      type="button"
    />
    <span
      class="c14"
      data-testid="button"
      disabled=""
      href="/"
      type="button"
    />
  </div>
</div>
`;
