// Jest Snapshot v1, https://goo.gl/fbAQLP

exports[`<Grid/> should renders correctly 1`] = `
.c0 {
  font-size: 2rem;
  display: block;
  line-height: 1.25;
  margin-bottom: 0.5em;
  margin-top: 0;
  font-weight: 700;
  color: #394B59;
}

.c1 {
  font-size: 1.6rem;
  display: block;
  line-height: 1.25;
  margin-bottom: 0.5em;
  margin-top: 0;
  font-weight: 700;
  color: #394B59;
}

.c2 {
  font-size: 1.4rem;
  display: block;
  line-height: 1.25;
  margin-bottom: 0.5em;
  margin-top: 0;
  font-weight: 700;
  color: #394B59;
}

.c3 {
  font-size: 1.2rem;
  display: block;
  line-height: 1.25;
  margin-bottom: 0.5em;
  margin-top: 0;
  font-weight: 700;
  color: #394B59;
}

.c4 {
  font-size: 1rem;
  display: block;
  line-height: 1.25;
  margin-bottom: 0.5em;
  margin-top: 0;
  font-weight: 700;
  color: #394B59;
}

.c5 {
  font-size: 0.9rem;
  display: block;
  line-height: 1.25;
  margin-bottom: 0.5em;
  margin-top: 0;
  font-weight: 700;
  color: #394B59;
}

<div>
  <div
    class="c0"
  />
  <div
    class="c1"
  />
  <div
    class="c2"
  />
  <div
    class="c3"
  />
  <div
    class="c4"
  />
  <div
    class="c5"
  />
</div>
`;
